252 INFO: PyInstaller: 6.19.0, contrib hooks: 2026.4
252 INFO: Python: 3.14.0
288 INFO: Platform: Windows-11-10.0.26200-SP0
289 INFO: Python environment: C:\Users\prave\AppData\Local\Programs\Python\Python314
291 INFO: Removing temporary files and cleaning cache in C:\Users\prave\AppData\Local\pyinstaller
292 INFO: Module search paths (PYTHONPATH):
['C:\\Users\\prave\\OneDrive\\Desktop\\Python',
 'C:\\Users\\prave\\AppData\\Local\\Programs\\Python\\Python314\\python314.zip',
 'C:\\Users\\prave\\AppData\\Local\\Programs\\Python\\Python314\\DLLs',
 'C:\\Users\\prave\\AppData\\Local\\Programs\\Python\\Python314\\Lib',
 'C:\\Users\\prave\\AppData\\Local\\Programs\\Python\\Python314',
 'C:\\Users\\prave\\AppData\\Local\\Programs\\Python\\Python314\\Lib\\site-packages',
 'C:\\Users\\prave\\OneDrive\\Desktop\\Python']
1332 INFO: checking Analysis
1332 INFO: Building Analysis because Analysis-00.toc is non existent
1332 INFO: Looking for Python shared library...
1332 INFO: Using Python shared library: C:\Users\prave\AppData\Local\Programs\Python\Python314\python314.dll
1332 INFO: Running Analysis Analysis-00.toc
1332 INFO: Target bytecode optimization level: 0
1332 INFO: Initializing module dependency graph...
1334 INFO: Initializing module graph hook caches...
1345 INFO: Analyzing modules for base_library.zip ...
3978 INFO: Processing standard module hook 'hook-encodings.py' from 'C:\\Users\\prave\\AppData\\Local\\Programs\\Python\\Python314\\Lib\\site-packages\\PyInstaller\\hooks'
4521 INFO: Processing standard module hook 'hook-pickle.py' from 'C:\\Users\\prave\\AppData\\Local\\Programs\\Python\\Python314\\Lib\\site-packages\\PyInstaller\\hooks'
4796 INFO: Processing standard module hook 'hook-difflib.py' from 'C:\\Users\\prave\\AppData\\Local\\Programs\\Python\\Python314\\Lib\\site-packages\\PyInstaller\\hooks'
4805 INFO: Processing standard module hook 'hook-heapq.py' from 'C:\\Users\\prave\\AppData\\Local\\Programs\\Python\\Python314\\Lib\\site-packages\\PyInstaller\\hooks'
6786 INFO: Caching module dependency graph...
6807 INFO: Analyzing C:\Users\prave\OneDrive\Desktop\Python\pattern_stocks.py
6878 INFO: Processing standard module hook 'hook-numpy.py' from 'C:\\Users\\prave\\AppData\\Local\\Programs\\Python\\Python314\\Lib\\site-packages\\PyInstaller\\hooks'
7440 INFO: Processing standard module hook 'hook-multiprocessing.util.py' from 'C:\\Users\\prave\\AppData\\Local\\Programs\\Python\\Python314\\Lib\\site-packages\\PyInstaller\\hooks'
7513 INFO: Processing standard module hook 'hook-xml.py' from 'C:\\Users\\prave\\AppData\\Local\\Programs\\Python\\Python314\\Lib\\site-packages\\PyInstaller\\hooks'
7732 INFO: Processing standard module hook 'hook-_ctypes.py' from 'C:\\Users\\prave\\AppData\\Local\\Programs\\Python\\Python314\\Lib\\site-packages\\PyInstaller\\hooks'
8379 INFO: Processing standard module hook 'hook-sysconfig.py' from 'C:\\Users\\prave\\AppData\\Local\\Programs\\Python\\Python314\\Lib\\site-packages\\PyInstaller\\hooks'
8462 INFO: Processing standard module hook 'hook-platform.py' from 'C:\\Users\\prave\\AppData\\Local\\Programs\\Python\\Python314\\Lib\\site-packages\\PyInstaller\\hooks'
9316 INFO: Processing pre-safe-import-module hook 'hook-typing_extensions.py' from 'C:\\Users\\prave\\AppData\\Local\\Programs\\Python\\Python314\\Lib\\site-packages\\PyInstaller\\hooks\\pre_safe_import_module'
9318 INFO: SetuptoolsInfo: initializing cached setuptools info...
10584 INFO: Processing standard module hook 'hook-charset_normalizer.py' from 'C:\\Users\\prave\\AppData\\Local\\Programs\\Python\\Python314\\Lib\\site-packages\\_pyinstaller_hooks_contrib\\stdhooks'
10884 INFO: Processing standard module hook 'hook-pandas.py' from 'C:\\Users\\prave\\AppData\\Local\\Programs\\Python\\Python314\\Lib\\site-packages\\PyInstaller\\hooks'
13039 INFO: Processing standard module hook 'hook-pytz.py' from 'C:\\Users\\prave\\AppData\\Local\\Programs\\Python\\Python314\\Lib\\site-packages\\PyInstaller\\hooks'
13283 INFO: Processing standard module hook 'hook-scipy.py' from 'C:\\Users\\prave\\AppData\\Local\\Programs\\Python\\Python314\\Lib\\site-packages\\PyInstaller\\hooks'
14429 INFO: Processing standard module hook 'hook-pycparser.py' from 'C:\\Users\\prave\\AppData\\Local\\Programs\\Python\\Python314\\Lib\\site-packages\\_pyinstaller_hooks_contrib\\stdhooks'
15279 INFO: Processing standard module hook 'hook-setuptools.py' from 'C:\\Users\\prave\\AppData\\Local\\Programs\\Python\\Python314\\Lib\\site-packages\\PyInstaller\\hooks'
15294 INFO: Processing pre-safe-import-module hook 'hook-distutils.py' from 'C:\\Users\\prave\\AppData\\Local\\Programs\\Python\\Python314\\Lib\\site-packages\\PyInstaller\\hooks\\pre_safe_import_module'
15322 INFO: Processing pre-safe-import-module hook 'hook-jaraco.py' from 'C:\\Users\\prave\\AppData\\Local\\Programs\\Python\\Python314\\Lib\\site-packages\\PyInstaller\\hooks\\pre_safe_import_module'
15323 INFO: Setuptools: 'jaraco' appears to be a full setuptools-vendored copy - creating alias to 'setuptools._vendor.jaraco'!
15331 INFO: Processing pre-safe-import-module hook 'hook-more_itertools.py' from 'C:\\Users\\prave\\AppData\\Local\\Programs\\Python\\Python314\\Lib\\site-packages\\PyInstaller\\hooks\\pre_safe_import_module'
15332 INFO: Setuptools: 'more_itertools' appears to be a setuptools-vendored copy - creating alias to 'setuptools._vendor.more_itertools'!
15560 INFO: Processing pre-safe-import-module hook 'hook-packaging.py' from 'C:\\Users\\prave\\AppData\\Local\\Programs\\Python\\Python314\\Lib\\site-packages\\PyInstaller\\hooks\\pre_safe_import_module'
15765 INFO: Processing standard module hook 'hook-setuptools._vendor.jaraco.text.py' from 'C:\\Users\\prave\\AppData\\Local\\Programs\\Python\\Python314\\Lib\\site-packages\\PyInstaller\\hooks'
15768 INFO: Processing pre-safe-import-module hook 'hook-importlib_resources.py' from 'C:\\Users\\prave\\AppData\\Local\\Programs\\Python\\Python314\\Lib\\site-packages\\PyInstaller\\hooks\\pre_safe_import_module'
15775 INFO: Processing pre-safe-import-module hook 'hook-backports.py' from 'C:\\Users\\prave\\AppData\\Local\\Programs\\Python\\Python314\\Lib\\site-packages\\PyInstaller\\hooks\\pre_safe_import_module'
15782 INFO: Setuptools: 'backports' appears to be a full setuptools-vendored copy - creating alias to 'setuptools._vendor.backports'!
17423 INFO: Processing pre-safe-import-module hook 'hook-importlib_metadata.py' from 'C:\\Users\\prave\\AppData\\Local\\Programs\\Python\\Python314\\Lib\\site-packages\\PyInstaller\\hooks\\pre_safe_import_module'
17425 INFO: Setuptools: 'importlib_metadata' appears to be a setuptools-vendored copy - creating alias to 'setuptools._vendor.importlib_metadata'!
17492 INFO: Processing standard module hook 'hook-setuptools._vendor.importlib_metadata.py' from 'C:\\Users\\prave\\AppData\\Local\\Programs\\Python\\Python314\\Lib\\site-packages\\PyInstaller\\hooks'
17787 INFO: Processing pre-safe-import-module hook 'hook-zipp.py' from 'C:\\Users\\prave\\AppData\\Local\\Programs\\Python\\Python314\\Lib\\site-packages\\PyInstaller\\hooks\\pre_safe_import_module'
17788 INFO: Setuptools: 'zipp' appears to be a setuptools-vendored copy - creating alias to 'setuptools._vendor.zipp'!
20109 INFO: Processing pre-safe-import-module hook 'hook-tomli.py' from 'C:\\Users\\prave\\AppData\\Local\\Programs\\Python\\Python314\\Lib\\site-packages\\PyInstaller\\hooks\\pre_safe_import_module'
20111 INFO: Setuptools: 'tomli' appears to be a setuptools-vendored copy - creating alias to 'setuptools._vendor.tomli'!
22328 INFO: Processing pre-safe-import-module hook 'hook-wheel.py' from 'C:\\Users\\prave\\AppData\\Local\\Programs\\Python\\Python314\\Lib\\site-packages\\PyInstaller\\hooks\\pre_safe_import_module'
22330 INFO: Setuptools: 'wheel' appears to be a setuptools-vendored copy - creating alias to 'setuptools._vendor.wheel'!
25535 INFO: Processing standard module hook 'hook-scipy.linalg.py' from 'C:\\Users\\prave\\AppData\\Local\\Programs\\Python\\Python314\\Lib\\site-packages\\PyInstaller\\hooks'
25918 INFO: Processing standard module hook 'hook-scipy.special._ufuncs.py' from 'C:\\Users\\prave\\AppData\\Local\\Programs\\Python\\Python314\\Lib\\site-packages\\PyInstaller\\hooks'
30252 INFO: Processing standard module hook 'hook-scipy.spatial._ckdtree.py' from 'C:\\Users\\prave\\AppData\\Local\\Programs\\Python\\Python314\\Lib\\site-packages\\PyInstaller\\hooks'
31538 INFO: Processing standard module hook 'hook-scipy.spatial.transform.rotation.py' from 'C:\\Users\\prave\\AppData\\Local\\Programs\\Python\\Python314\\Lib\\site-packages\\PyInstaller\\hooks'
33939 INFO: Processing standard module hook 'hook-scipy.stats._stats.py' from 'C:\\Users\\prave\\AppData\\Local\\Programs\\Python\\Python314\\Lib\\site-packages\\PyInstaller\\hooks'
35360 INFO: Processing standard module hook 'hook-scipy.sparse.csgraph.py' from 'C:\\Users\\prave\\AppData\\Local\\Programs\\Python\\Python314\\Lib\\site-packages\\PyInstaller\\hooks'
38011 INFO: Processing standard module hook 'hook-scipy.special._ellip_harm_2.py' from 'C:\\Users\\prave\\AppData\\Local\\Programs\\Python\\Python314\\Lib\\site-packages\\PyInstaller\\hooks'
48082 INFO: Processing standard module hook 'hook-pandas.io.formats.style.py' from 'C:\\Users\\prave\\AppData\\Local\\Programs\\Python\\Python314\\Lib\\site-packages\\PyInstaller\\hooks'
53799 INFO: Processing standard module hook 'hook-pandas.plotting.py' from 'C:\\Users\\prave\\AppData\\Local\\Programs\\Python\\Python314\\Lib\\site-packages\\PyInstaller\\hooks'
58622 INFO: Processing standard module hook 'hook-sqlite3.py' from 'C:\\Users\\prave\\AppData\\Local\\Programs\\Python\\Python314\\Lib\\site-packages\\PyInstaller\\hooks'
59153 INFO: Processing standard module hook 'hook-pandas.io.clipboard.py' from 'C:\\Users\\prave\\AppData\\Local\\Programs\\Python\\Python314\\Lib\\site-packages\\PyInstaller\\hooks'
60305 INFO: Processing standard module hook 'hook-dateutil.py' from 'C:\\Users\\prave\\AppData\\Local\\Programs\\Python\\Python314\\Lib\\site-packages\\_pyinstaller_hooks_contrib\\stdhooks'
60862 INFO: Processing pre-safe-import-module hook 'hook-six.moves.py' from 'C:\\Users\\prave\\AppData\\Local\\Programs\\Python\\Python314\\Lib\\site-packages\\PyInstaller\\hooks\\pre_safe_import_module'
62127 INFO: Processing standard module hook 'hook-xml.etree.cElementTree.py' from 'C:\\Users\\prave\\AppData\\Local\\Programs\\Python\\Python314\\Lib\\site-packages\\PyInstaller\\hooks'
62155 INFO: Processing standard module hook 'hook-lxml.py' from 'C:\\Users\\prave\\AppData\\Local\\Programs\\Python\\Python314\\Lib\\site-packages\\_pyinstaller_hooks_contrib\\stdhooks'
62674 INFO: Processing standard module hook 'hook-lxml.etree.py' from 'C:\\Users\\prave\\AppData\\Local\\Programs\\Python\\Python314\\Lib\\site-packages\\_pyinstaller_hooks_contrib\\stdhooks'
62696 INFO: Processing standard module hook 'hook-xml.dom.domreg.py' from 'C:\\Users\\prave\\AppData\\Local\\Programs\\Python\\Python314\\Lib\\site-packages\\PyInstaller\\hooks'
68144 INFO: Processing standard module hook 'hook-certifi.py' from 'C:\\Users\\prave\\AppData\\Local\\Programs\\Python\\Python314\\Lib\\site-packages\\_pyinstaller_hooks_contrib\\stdhooks'
70037 INFO: Processing pre-safe-import-module hook 'hook-platformdirs.py' from 'C:\\Users\\prave\\AppData\\Local\\Programs\\Python\\Python314\\Lib\\site-packages\\PyInstaller\\hooks\\pre_safe_import_module'
70062 INFO: Processing standard module hook 'hook-platformdirs.py' from 'C:\\Users\\prave\\AppData\\Local\\Programs\\Python\\Python314\\Lib\\site-packages\\_pyinstaller_hooks_contrib\\stdhooks'
70596 INFO: Processing standard module hook 'hook-websockets.py' from 'C:\\Users\\prave\\AppData\\Local\\Programs\\Python\\Python314\\Lib\\site-packages\\_pyinstaller_hooks_contrib\\stdhooks'
80850 INFO: Processing standard module hook 'hook-jinja2.py' from 'C:\\Users\\prave\\AppData\\Local\\Programs\\Python\\Python314\\Lib\\site-packages\\_pyinstaller_hooks_contrib\\stdhooks'
83759 INFO: Processing module hooks (post-graph stage)...
84575 INFO: Processing standard module hook 'hook-lxml.isoschematron.py' from 'C:\\Users\\prave\\AppData\\Local\\Programs\\Python\\Python314\\Lib\\site-packages\\_pyinstaller_hooks_contrib\\stdhooks'
85824 WARNING: Hidden import "scipy.special._cdflib" not found!
86150 INFO: Processing standard module hook 'hook-lxml.objectify.py' from 'C:\\Users\\prave\\AppData\\Local\\Programs\\Python\\Python314\\Lib\\site-packages\\_pyinstaller_hooks_contrib\\stdhooks'
86168 INFO: Performing binary vs. data reclassification (636 entries)
88141 INFO: Looking for ctypes DLLs
88270 INFO: Analyzing run-time hooks ...
88277 INFO: Including run-time hook 'pyi_rth_inspect.py' from 'C:\\Users\\prave\\AppData\\Local\\Programs\\Python\\Python314\\Lib\\site-packages\\PyInstaller\\hooks\\rthooks'
88291 INFO: Including run-time hook 'pyi_rth_pkgutil.py' from 'C:\\Users\\prave\\AppData\\Local\\Programs\\Python\\Python314\\Lib\\site-packages\\PyInstaller\\hooks\\rthooks'
88305 INFO: Including run-time hook 'pyi_rth_multiprocessing.py' from 'C:\\Users\\prave\\AppData\\Local\\Programs\\Python\\Python314\\Lib\\site-packages\\PyInstaller\\hooks\\rthooks'
88323 INFO: Including run-time hook 'pyi_rth_setuptools.py' from 'C:\\Users\\prave\\AppData\\Local\\Programs\\Python\\Python314\\Lib\\site-packages\\PyInstaller\\hooks\\rthooks'
88365 INFO: Creating base_library.zip...
88383 INFO: Looking for dynamic libraries
100870 INFO: Extra DLL search directories (AddDllDirectory): ['C:\\Users\\prave\\AppData\\Local\\Programs\\Python\\Python314\\Lib\\site-packages\\numpy.libs', 'C:\\Users\\prave\\AppData\\Local\\Programs\\Python\\Python314\\Lib\\site-packages\\pandas.libs', 'C:\\Users\\prave\\AppData\\Local\\Programs\\Python\\Python314\\Lib\\site-packages\\scipy.libs']
100870 INFO: Extra DLL search directories (PATH): []
103067 INFO: Warnings written to C:\Users\prave\build\pattern_stocks\warn-pattern_stocks.txt
103163 INFO: Graph cross-reference written to C:\Users\prave\build\pattern_stocks\xref-pattern_stocks.html
103433 INFO: checking PYZ
103433 INFO: Building PYZ because PYZ-00.toc is non existent
103433 INFO: Building PYZ (ZlibArchive) C:\Users\prave\build\pattern_stocks\PYZ-00.pyz
104253 INFO: Building PYZ (ZlibArchive) C:\Users\prave\build\pattern_stocks\PYZ-00.pyz completed successfully.
104280 INFO: checking PKG
104280 INFO: Building PKG because PKG-00.toc is non existent
104280 INFO: Building PKG (CArchive) pattern_stocks.pkg
104365 INFO: Building PKG (CArchive) pattern_stocks.pkg completed successfully.
104366 INFO: Bootloader C:\Users\prave\AppData\Local\Programs\Python\Python314\Lib\site-packages\PyInstaller\bootloader\Windows-64bit-intel\run.exe
104366 INFO: checking EXE
104366 INFO: Building EXE because EXE-00.toc is non existent
104366 INFO: Building EXE from EXE-00.toc
104366 INFO: Copying bootloader EXE to C:\Users\prave\build\pattern_stocks\pattern_stocks.exe
104604 INFO: Copying icon to EXE
104720 INFO: Copying 0 resources to EXE
104720 INFO: Embedding manifest in EXE
104812 INFO: Appending PKG archive to EXE
104931 INFO: Fixing EXE headers
105500 INFO: Building EXE from EXE-00.toc completed successfully.
105510 INFO: checking COLLECT
105510 INFO: Building COLLECT because COLLECT-00.toc is non existent
105511 INFO: Building COLLECT COLLECT-00.toc
106763 INFO: Building COLLECT COLLECT-00.toc completed successfully.
106787 INFO: Build complete! The results are available in: C:\Users\prave\dist
